2026-04-18T14:04:57+0800 job=57500714 elapsed_s=1 exit=1 rows=0,1,2,3,4 results=/dssg/home/acct-tdlffb/tdlffb-user1/workspace/RV_astrometry_detect/shen/oblateness/results/multi_system
2026-04-18T18:12:23+0800 job=57501028 elapsed_s=13481 exit=0 rows=0,1,2,3,4 results=/dssg/home/acct-tdlffb/tdlffb-user1/workspace/RV_astrometry_detect/shen/oblateness/results/multi_system
2026-04-20T04:57:00+0800 job=57512495 elapsed_s=68120 exit=0 rows=[5,20] results=/dssg/home/acct-tdlffb/tdlffb-user1/workspace/RV_astrometry_detect/shen/oblateness/results/multi_system
2026-04-22T03:32:23+0800 job=57551119 chunk=08 elapsed_s=58771 exit=0 results=/dssg/home/acct-tdlffb/tdlffb-user1/workspace/RV_astrometry_detect/shen/oblateness/results/multi_system/_chunks/chunk_08
2026-04-22T03:58:01+0800 job=57551127 chunk=11 elapsed_s=60309 exit=0 results=/dssg/home/acct-tdlffb/tdlffb-user1/workspace/RV_astrometry_detect/shen/oblateness/results/multi_system/_chunks/chunk_11
2026-04-22T04:05:33+0800 job=57551133 chunk=13 elapsed_s=60761 exit=0 results=/dssg/home/acct-tdlffb/tdlffb-user1/workspace/RV_astrometry_detect/shen/oblateness/results/multi_system/_chunks/chunk_13
2026-04-22T04:07:52+0800 job=57551138 chunk=16 elapsed_s=60900 exit=0 results=/dssg/home/acct-tdlffb/tdlffb-user1/workspace/RV_astrometry_detect/shen/oblateness/results/multi_system/_chunks/chunk_16
2026-04-22T04:08:45+0800 job=57551136 chunk=14 elapsed_s=60953 exit=0 results=/dssg/home/acct-tdlffb/tdlffb-user1/workspace/RV_astrometry_detect/shen/oblateness/results/multi_system/_chunks/chunk_14
2026-04-22T04:21:25+0800 job=57551137 chunk=15 elapsed_s=61713 exit=0 results=/dssg/home/acct-tdlffb/tdlffb-user1/workspace/RV_astrometry_detect/shen/oblateness/results/multi_system/_chunks/chunk_15
2026-04-22T04:34:59+0800 job=57551113 chunk=02 elapsed_s=62527 exit=0 results=/dssg/home/acct-tdlffb/tdlffb-user1/workspace/RV_astrometry_detect/shen/oblateness/results/multi_system/_chunks/chunk_02
2026-04-22T04:40:03+0800 job=57551111 chunk=00 elapsed_s=62831 exit=0 results=/dssg/home/acct-tdlffb/tdlffb-user1/workspace/RV_astrometry_detect/shen/oblateness/results/multi_system/_chunks/chunk_00
2026-04-22T04:45:37+0800 job=57551117 chunk=06 elapsed_s=63165 exit=0 results=/dssg/home/acct-tdlffb/tdlffb-user1/workspace/RV_astrometry_detect/shen/oblateness/results/multi_system/_chunks/chunk_06
2026-04-22T04:54:25+0800 job=57551122 chunk=10 elapsed_s=63693 exit=0 results=/dssg/home/acct-tdlffb/tdlffb-user1/workspace/RV_astrometry_detect/shen/oblateness/results/multi_system/_chunks/chunk_10
2026-04-22T04:56:16+0800 job=57551112 chunk=01 elapsed_s=63804 exit=0 results=/dssg/home/acct-tdlffb/tdlffb-user1/workspace/RV_astrometry_detect/shen/oblateness/results/multi_system/_chunks/chunk_01
2026-04-22T05:05:20+0800 job=57551115 chunk=04 elapsed_s=64348 exit=0 results=/dssg/home/acct-tdlffb/tdlffb-user1/workspace/RV_astrometry_detect/shen/oblateness/results/multi_system/_chunks/chunk_04
2026-04-22T05:06:00+0800 job=57551141 chunk=19 elapsed_s=64388 exit=0 results=/dssg/home/acct-tdlffb/tdlffb-user1/workspace/RV_astrometry_detect/shen/oblateness/results/multi_system/_chunks/chunk_19
2026-04-22T05:14:50+0800 job=57551118 chunk=07 elapsed_s=64918 exit=0 results=/dssg/home/acct-tdlffb/tdlffb-user1/workspace/RV_astrometry_detect/shen/oblateness/results/multi_system/_chunks/chunk_07
2026-04-22T05:22:01+0800 job=57551130 chunk=12 elapsed_s=65349 exit=0 results=/dssg/home/acct-tdlffb/tdlffb-user1/workspace/RV_astrometry_detect/shen/oblateness/results/multi_system/_chunks/chunk_12
2026-04-22T05:22:23+0800 job=57551140 chunk=18 elapsed_s=65371 exit=0 results=/dssg/home/acct-tdlffb/tdlffb-user1/workspace/RV_astrometry_detect/shen/oblateness/results/multi_system/_chunks/chunk_18
2026-04-22T05:24:28+0800 job=57551116 chunk=05 elapsed_s=65496 exit=0 results=/dssg/home/acct-tdlffb/tdlffb-user1/workspace/RV_astrometry_detect/shen/oblateness/results/multi_system/_chunks/chunk_05
2026-04-22T05:25:45+0800 job=57551114 chunk=03 elapsed_s=65573 exit=0 results=/dssg/home/acct-tdlffb/tdlffb-user1/workspace/RV_astrometry_detect/shen/oblateness/results/multi_system/_chunks/chunk_03
2026-04-22T06:26:34+0800 job=57551139 chunk=17 elapsed_s=69222 exit=0 results=/dssg/home/acct-tdlffb/tdlffb-user1/workspace/RV_astrometry_detect/shen/oblateness/results/multi_system/_chunks/chunk_17
2026-04-22T07:21:32+0800 job=57551120 chunk=09 elapsed_s=72520 exit=0 results=/dssg/home/acct-tdlffb/tdlffb-user1/workspace/RV_astrometry_detect/shen/oblateness/results/multi_system/_chunks/chunk_09
2026-04-22T19:47:51+0800 job=57565680 chunk=09 elapsed_s=32450 exit=0 results=/dssg/home/acct-tdlffb/tdlffb-user1/workspace/RV_astrometry_detect/shen/oblateness/results/multi_system/_chunks_tierb/chunk_09
2026-04-22T20:11:25+0800 job=57565668 chunk=01 elapsed_s=33864 exit=0 results=/dssg/home/acct-tdlffb/tdlffb-user1/workspace/RV_astrometry_detect/shen/oblateness/results/multi_system/_chunks_tierb/chunk_01
2026-04-22T20:23:25+0800 job=57565677 chunk=07 elapsed_s=34584 exit=0 results=/dssg/home/acct-tdlffb/tdlffb-user1/workspace/RV_astrometry_detect/shen/oblateness/results/multi_system/_chunks_tierb/chunk_07
2026-04-22T20:25:58+0800 job=57565672 chunk=04 elapsed_s=34738 exit=0 results=/dssg/home/acct-tdlffb/tdlffb-user1/workspace/RV_astrometry_detect/shen/oblateness/results/multi_system/_chunks_tierb/chunk_04
2026-04-22T20:47:05+0800 job=57565673 chunk=05 elapsed_s=36005 exit=0 results=/dssg/home/acct-tdlffb/tdlffb-user1/workspace/RV_astrometry_detect/shen/oblateness/results/multi_system/_chunks_tierb/chunk_05
2026-04-22T20:52:14+0800 job=57565675 chunk=06 elapsed_s=36313 exit=0 results=/dssg/home/acct-tdlffb/tdlffb-user1/workspace/RV_astrometry_detect/shen/oblateness/results/multi_system/_chunks_tierb/chunk_06
2026-04-22T21:01:31+0800 job=57565667 chunk=00 elapsed_s=36870 exit=0 results=/dssg/home/acct-tdlffb/tdlffb-user1/workspace/RV_astrometry_detect/shen/oblateness/results/multi_system/_chunks_tierb/chunk_00
2026-04-22T21:20:44+0800 job=57565678 chunk=08 elapsed_s=38023 exit=0 results=/dssg/home/acct-tdlffb/tdlffb-user1/workspace/RV_astrometry_detect/shen/oblateness/results/multi_system/_chunks_tierb/chunk_08
2026-04-22T21:32:54+0800 job=57565669 chunk=02 elapsed_s=38753 exit=0 results=/dssg/home/acct-tdlffb/tdlffb-user1/workspace/RV_astrometry_detect/shen/oblateness/results/multi_system/_chunks_tierb/chunk_02
2026-04-22T21:35:08+0800 job=57565670 chunk=03 elapsed_s=38887 exit=0 results=/dssg/home/acct-tdlffb/tdlffb-user1/workspace/RV_astrometry_detect/shen/oblateness/results/multi_system/_chunks_tierb/chunk_03
2026-05-13T21:38:56+0800 job=57952004 chunk=10 elapsed_s=39535 exit=0 results=/dssg/home/acct-tdlffb/tdlffb-user1/workspace/RV_astrometry_detect/shen/oblateness/results/multi_system_combined742_run1/_chunks_tierb/chunk_10
2026-05-13T21:52:50+0800 job=57952000 chunk=06 elapsed_s=40369 exit=0 results=/dssg/home/acct-tdlffb/tdlffb-user1/workspace/RV_astrometry_detect/shen/oblateness/results/multi_system_combined742_run1/_chunks_tierb/chunk_06
2026-05-13T22:18:15+0800 job=57951995 chunk=01 elapsed_s=41894 exit=0 results=/dssg/home/acct-tdlffb/tdlffb-user1/workspace/RV_astrometry_detect/shen/oblateness/results/multi_system_combined742_run1/_chunks_tierb/chunk_01
2026-05-13T22:21:51+0800 job=57952011 chunk=17 elapsed_s=42108 exit=0 results=/dssg/home/acct-tdlffb/tdlffb-user1/workspace/RV_astrometry_detect/shen/oblateness/results/multi_system_combined742_run1/_chunks_tierb/chunk_17
2026-05-13T22:55:08+0800 job=57952009 chunk=15 elapsed_s=44106 exit=0 results=/dssg/home/acct-tdlffb/tdlffb-user1/workspace/RV_astrometry_detect/shen/oblateness/results/multi_system_combined742_run1/_chunks_tierb/chunk_15
2026-05-13T23:05:50+0800 job=57952006 chunk=12 elapsed_s=44749 exit=0 results=/dssg/home/acct-tdlffb/tdlffb-user1/workspace/RV_astrometry_detect/shen/oblateness/results/multi_system_combined742_run1/_chunks_tierb/chunk_12
2026-05-13T23:06:03+0800 job=57951994 chunk=00 elapsed_s=44762 exit=0 results=/dssg/home/acct-tdlffb/tdlffb-user1/workspace/RV_astrometry_detect/shen/oblateness/results/multi_system_combined742_run1/_chunks_tierb/chunk_00
2026-05-13T23:09:35+0800 job=57952005 chunk=11 elapsed_s=44974 exit=0 results=/dssg/home/acct-tdlffb/tdlffb-user1/workspace/RV_astrometry_detect/shen/oblateness/results/multi_system_combined742_run1/_chunks_tierb/chunk_11
2026-05-13T23:14:36+0800 job=57952002 chunk=08 elapsed_s=45278 exit=0 results=/dssg/home/acct-tdlffb/tdlffb-user1/workspace/RV_astrometry_detect/shen/oblateness/results/multi_system_combined742_run1/_chunks_tierb/chunk_08
2026-05-13T23:18:21+0800 job=57951999 chunk=05 elapsed_s=45500 exit=0 results=/dssg/home/acct-tdlffb/tdlffb-user1/workspace/RV_astrometry_detect/shen/oblateness/results/multi_system_combined742_run1/_chunks_tierb/chunk_05
2026-05-13T23:42:06+0800 job=57952010 chunk=16 elapsed_s=46924 exit=0 results=/dssg/home/acct-tdlffb/tdlffb-user1/workspace/RV_astrometry_detect/shen/oblateness/results/multi_system_combined742_run1/_chunks_tierb/chunk_16
2026-05-14T00:10:46+0800 job=57951997 chunk=03 elapsed_s=48645 exit=0 results=/dssg/home/acct-tdlffb/tdlffb-user1/workspace/RV_astrometry_detect/shen/oblateness/results/multi_system_combined742_run1/_chunks_tierb/chunk_03
2026-05-14T00:29:39+0800 job=57952003 chunk=09 elapsed_s=49780 exit=0 results=/dssg/home/acct-tdlffb/tdlffb-user1/workspace/RV_astrometry_detect/shen/oblateness/results/multi_system_combined742_run1/_chunks_tierb/chunk_09
2026-05-14T00:41:23+0800 job=57952007 chunk=13 elapsed_s=50482 exit=0 results=/dssg/home/acct-tdlffb/tdlffb-user1/workspace/RV_astrometry_detect/shen/oblateness/results/multi_system_combined742_run1/_chunks_tierb/chunk_13
2026-05-14T00:48:27+0800 job=57952008 chunk=14 elapsed_s=50906 exit=0 results=/dssg/home/acct-tdlffb/tdlffb-user1/workspace/RV_astrometry_detect/shen/oblateness/results/multi_system_combined742_run1/_chunks_tierb/chunk_14
2026-05-14T00:54:30+0800 job=57951996 chunk=02 elapsed_s=51269 exit=0 results=/dssg/home/acct-tdlffb/tdlffb-user1/workspace/RV_astrometry_detect/shen/oblateness/results/multi_system_combined742_run1/_chunks_tierb/chunk_02
2026-05-14T01:25:05+0800 job=57952012 chunk=18 elapsed_s=53102 exit=0 results=/dssg/home/acct-tdlffb/tdlffb-user1/workspace/RV_astrometry_detect/shen/oblateness/results/multi_system_combined742_run1/_chunks_tierb/chunk_18
2026-05-14T02:48:12+0800 job=57951998 chunk=04 elapsed_s=58091 exit=0 results=/dssg/home/acct-tdlffb/tdlffb-user1/workspace/RV_astrometry_detect/shen/oblateness/results/multi_system_combined742_run1/_chunks_tierb/chunk_04
2026-05-14T03:31:44+0800 job=57952013 chunk=19 elapsed_s=60701 exit=0 results=/dssg/home/acct-tdlffb/tdlffb-user1/workspace/RV_astrometry_detect/shen/oblateness/results/multi_system_combined742_run1/_chunks_tierb/chunk_19
2026-05-14T05:58:01+0800 job=57952001 chunk=07 elapsed_s=69483 exit=0 results=/dssg/home/acct-tdlffb/tdlffb-user1/workspace/RV_astrometry_detect/shen/oblateness/results/multi_system_combined742_run1/_chunks_tierb/chunk_07
